// Jest Snapshot v1, https://goo.gl/fbAQLP

exports[`PositionAxis has no unexpected changes 1`] = `
<DocumentFragment>
  <svg
    height="15"
    width="800"
  >
    <line
      stroke="black"
      stroke-width="2"
      x1="0"
      x2="800"
      y1="15"
      y2="15"
    />
    <g>
      <line
        stroke="black"
        stroke-width="2"
        x1="0"
        x2="0"
        y1="15"
        y2="10"
      />
      <text
        style="font-size: 10px;"
        text-anchor="start"
        x="0"
        y="8"
      >
        0
      </text>
    </g>
    <g>
      <line
        stroke="black"
        stroke-width="1"
        x1="100"
        x2="100"
        y1="15"
        y2="10"
      />
      <text
        style="font-size: 10px;"
        text-anchor="middle"
        x="100"
        y="8"
      >
        50
      </text>
    </g>
    <g>
      <line
        stroke="black"
        stroke-width="1"
        x1="200"
        x2="200"
        y1="15"
        y2="10"
      />
      <text
        style="font-size: 10px;"
        text-anchor="middle"
        x="200"
        y="8"
      >
        100
      </text>
    </g>
    <g>
      <line
        stroke="black"
        stroke-width="1"
        x1="300"
        x2="300"
        y1="15"
        y2="10"
      />
      <text
        style="font-size: 10px;"
        text-anchor="middle"
        x="300"
        y="8"
      >
        150
      </text>
    </g>
    <g>
      <line
        stroke="black"
        stroke-width="1"
        x1="400"
        x2="400"
        y1="15"
        y2="10"
      />
      <text
        style="font-size: 10px;"
        text-anchor="middle"
        x="400"
        y="8"
      >
        200
      </text>
    </g>
    <g>
      <line
        stroke="black"
        stroke-width="1"
        x1="500"
        x2="500"
        y1="15"
        y2="10"
      />
      <text
        style="font-size: 10px;"
        text-anchor="middle"
        x="500"
        y="8"
      >
        250
      </text>
    </g>
    <g>
      <line
        stroke="black"
        stroke-width="1"
        x1="600"
        x2="600"
        y1="15"
        y2="10"
      />
      <text
        style="font-size: 10px;"
        text-anchor="middle"
        x="600"
        y="8"
      >
        300
      </text>
    </g>
    <g>
      <line
        stroke="black"
        stroke-width="1"
        x1="700"
        x2="700"
        y1="15"
        y2="10"
      />
      <text
        style="font-size: 10px;"
        text-anchor="middle"
        x="700"
        y="8"
      >
        350
      </text>
    </g>
    <g>
      <line
        stroke="black"
        stroke-width="2"
        x1="800"
        x2="800"
        y1="15"
        y2="10"
      />
      <text
        style="font-size: 10px;"
        text-anchor="end"
        x="800"
        y="8"
      >
        400
      </text>
    </g>
  </svg>
</DocumentFragment>
`;
